I'm sorry, but errors were detected in your script. Please correct the
errors listed below, and try again.


File "game/script.rpy", line 95: Line is indented, but the preceding say statement statement does not expect a block. Please check this line's indentation. You may have forgotten a colon (:).
    scene bg empty_desk with Dissolve(1.0)
    ^

Ren'Py Version: Ren'Py 8.1.0.23051307
Tue Jun  6 00:28:54 2023
